[iqonicthemes.com/themes/sofbox/pre-built/page-builder/index.html]
[backblue.gif]
[fade.gif]
[index.html]
[iqonicthemes.com/themes/sofbox/pre-built/page-builder/images/favicon.ico]
[iqonicthemes.com/themes/sofbox/pre-built/page-builder/css/bootstrap.min.css]
[iqonicthemes.com/themes/sofbox/pre-built/page-builder/revslider/css/settings.css]
[iqonicthemes.com/themes/sofbox/pre-built/page-builder/css/typography.css]
[iqonicthemes.com/themes/sofbox/pre-built/page-builder/css/style.css]
[iqonicthemes.com/themes/sofbox/pre-built/page-builder/css/responsive.css]
[iqonicthemes.com/themes/sofbox/pre-built/page-builder/images/logo.png]
[iqonicthemes.com/themes/sofbox/pre-built/page-builder/themes.html]
[iqonicthemes.com/themes/sofbox/pre-built/page-builder/feature.html]
[iqonicthemes.com/themes/sofbox/pre-built/page-builder/pricing.html]
[iqonicthemes.com/themes/sofbox/pre-built/page-builder/testimonial.html]
[iqonicthemes.com/themes/sofbox/pre-built/page-builder/contactus.html]
[iqonicthemes.com/themes/sofbox/pre-built/page-builder/login.html]
[iqonicthemes.com/themes/sofbox/pre-built/page-builder/revslider/assets/4d803-bg.png]
[iqonicthemes.com/themes/sofbox/pre-built/page-builder/revslider/assets/72d99-user.png]
[iqonicthemes.com/themes/sofbox/pre-built/page-builder/revslider/assets/50ea1-Untitled-5.png]
[iqonicthemes.com/themes/sofbox/pre-built/page-builder/images/partners/01.png]
[iqonicthemes.com/themes/sofbox/pre-built/page-builder/images/partners/02.png]
[iqonicthemes.com/themes/sofbox/pre-built/page-builder/images/partners/03.png]
[iqonicthemes.com/themes/sofbox/pre-built/page-builder/images/partners/04.png]
[iqonicthemes.com/themes/sofbox/pre-built/page-builder/images/partners/05.png]
[iqonicthemes.com/themes/sofbox/pre-built/page-builder/images/about/01.png]
[iqonicthemes.com/themes/sofbox/pre-built/page-builder/images/about/02.png]
[iqonicthemes.com/themes/sofbox/pre-built/page-builder/images/about/icon/01.png]
[iqonicthemes.com/themes/sofbox/pre-built/page-builder/images/about/icon/02.png]
[iqonicthemes.com/themes/sofbox/pre-built/page-builder/images/about/icon/03.png]
[iqonicthemes.com/themes/sofbox/pre-built/page-builder/images/about/icon/04.png]
[iqonicthemes.com/themes/sofbox/pre-built/page-builder/images/about/03.png]
[iqonicthemes.com/themes/sofbox/pre-built/page-builder/images/screenshots/01.png]
[iqonicthemes.com/themes/sofbox/pre-built/page-builder/images/screenshots/icon/01.png]
[iqonicthemes.com/themes/sofbox/pre-built/page-builder/images/screenshots/icon/hover/01.png]
[iqonicthemes.com/themes/sofbox/pre-built/page-builder/images/screenshots/icon/02.png]
[iqonicthemes.com/themes/sofbox/pre-built/page-builder/images/screenshots/icon/hover/02.png]
[iqonicthemes.com/themes/sofbox/pre-built/page-builder/images/screenshots/icon/03.png]
[iqonicthemes.com/themes/sofbox/pre-built/page-builder/images/screenshots/icon/hover/03.png]
[iqonicthemes.com/themes/sofbox/pre-built/page-builder/images/screenshots/icon/04.png]
[iqonicthemes.com/themes/sofbox/pre-built/page-builder/images/screenshots/icon/hover/04.png]
[iqonicthemes.com/themes/sofbox/pre-built/page-builder/images/screenshots/icon/05.png]
[iqonicthemes.com/themes/sofbox/pre-built/page-builder/images/screenshots/icon/hover/05.png]
[iqonicthemes.com/themes/sofbox/pre-built/page-builder/images/screenshots/icon/06.png]
[iqonicthemes.com/themes/sofbox/pre-built/page-builder/images/screenshots/icon/hover/06.png]
[iqonicthemes.com/themes/sofbox/pre-built/page-builder/images/screenshots/icon/07.png]
[iqonicthemes.com/themes/sofbox/pre-built/page-builder/images/screenshots/icon/hover/07.png]
[iqonicthemes.com/themes/sofbox/pre-built/page-builder/images/screenshots/icon/08.png]
[iqonicthemes.com/themes/sofbox/pre-built/page-builder/images/screenshots/icon/hover/08.png]
[iqonicthemes.com/themes/sofbox/pre-built/page-builder/images/screenshots/icon/09.png]
[iqonicthemes.com/themes/sofbox/pre-built/page-builder/images/screenshots/icon/hover/09.png]
[iqonicthemes.com/themes/sofbox/pre-built/page-builder/images/screenshots/icon/10.png]
[iqonicthemes.com/themes/sofbox/pre-built/page-builder/images/screenshots/icon/hover/10.png]
[iqonicthemes.com/themes/sofbox/pre-built/page-builder/images/screenshots/icon/11.png]
[iqonicthemes.com/themes/sofbox/pre-built/page-builder/images/screenshots/icon/hover/11.png]
[iqonicthemes.com/themes/sofbox/pre-built/page-builder/images/screenshots/icon/12.png]
[iqonicthemes.com/themes/sofbox/pre-built/page-builder/images/screenshots/icon/hover/12.png]
[iqonicthemes.com/themes/sofbox/pre-built/page-builder/images/features/01.png]
[iqonicthemes.com/themes/sofbox/pre-built/page-builder/images/features/02.png]
[iqonicthemes.com/themes/sofbox/pre-built/page-builder/images/features/03.png]
[iqonicthemes.com/themes/sofbox/pre-built/page-builder/images/features/04.png]
[iqonicthemes.com/themes/sofbox/pre-built/page-builder/images/features/05.png]
[iqonicthemes.com/themes/sofbox/pre-built/page-builder/images/features/06.png]
[iqonicthemes.com/themes/sofbox/pre-built/page-builder/images/footer-logo.png]
[iqonicthemes.com/cdn-cgi/scripts/5c5dd728/cloudflare-static/email-decode.min.js]
[iqonicthemes.com/themes/sofbox/pre-built/page-builder/js/jquery-3.3.1.min.js]
[iqonicthemes.com/themes/sofbox/pre-built/page-builder/js/popper.min.js]
[iqonicthemes.com/themes/sofbox/pre-built/page-builder/js/bootstrap.min.js]
[iqonicthemes.com/themes/sofbox/pre-built/page-builder/js/modernizr.js]
[iqonicthemes.com/themes/sofbox/pre-built/page-builder/js/appear.min.js]
[iqonicthemes.com/themes/sofbox/pre-built/page-builder/js/wow.min.js]
[iqonicthemes.com/themes/sofbox/pre-built/page-builder/js/waypoints.min.js]
[iqonicthemes.com/themes/sofbox/pre-built/page-builder/js/owl.carousel.min.js]
[iqonicthemes.com/themes/sofbox/pre-built/page-builder/js/jquery.magnific-popup.min.js]
[iqonicthemes.com/themes/sofbox/pre-built/page-builder/js/isotope.pkgd.min.js]
[iqonicthemes.com/themes/sofbox/pre-built/page-builder/revslider/js/jquery.themepunch.tools.min.js]
[iqonicthemes.com/themes/sofbox/pre-built/page-builder/revslider/js/jquery.themepunch.revolution.min.js]
[iqonicthemes.com/themes/sofbox/pre-built/page-builder/revslider/js/extensions/revolution.extension.actions.min.js]
[iqonicthemes.com/themes/sofbox/pre-built/page-builder/revslider/js/extensions/revolution.extension.carousel.min.js]
[iqonicthemes.com/themes/sofbox/pre-built/page-builder/revslider/js/extensions/revolution.extension.kenburn.min.js]
[iqonicthemes.com/themes/sofbox/pre-built/page-builder/revslider/js/extensions/revolution.extension.layeranimation.min.js]
[iqonicthemes.com/themes/sofbox/pre-built/page-builder/revslider/js/extensions/revolution.extension.migration.min.js]
[iqonicthemes.com/themes/sofbox/pre-built/page-builder/revslider/js/extensions/revolution.extension.navigation.min.js]
[iqonicthemes.com/themes/sofbox/pre-built/page-builder/revslider/js/extensions/revolution.extension.parallax.min.js]
[iqonicthemes.com/themes/sofbox/pre-built/page-builder/revslider/js/extensions/revolution.extension.slideanims.min.js]
[iqonicthemes.com/themes/sofbox/pre-built/page-builder/revslider/js/extensions/revolution.extension.video.min.js]
[iqonicthemes.com/themes/sofbox/pre-built/page-builder/js/retina.min.js]
[iqonicthemes.com/themes/sofbox/pre-built/page-builder/index.html]
[iqonicthemes.com/themes/sofbox/pre-built/page-builder/css/bootstrap.min.css]
[iqonicthemes.com/themes/sofbox/pre-built/page-builder/js/custom.js]
[iqonicthemes.com/themes/sofbox/pre-built/page-builder/revslider/fonts/revicons/revicons90c6.eot]
[iqonicthemes.com/themes/sofbox/pre-built/page-builder/revslider/fonts/revicons/revicons90c6.woff]
[iqonicthemes.com/themes/sofbox/pre-built/page-builder/revslider/fonts/revicons/revicons90c6.ttf]
[iqonicthemes.com/themes/sofbox/pre-built/page-builder/revslider/fonts/revicons/revicons90c6.svg]
[iqonicthemes.com/themes/sofbox/pre-built/page-builder/revslider/css/openhand.cur]
[iqonicthemes.com/themes/sofbox/pre-built/page-builder/revslider/css/closedhand.cur]
[iqonicthemes.com/themes/sofbox/pre-built/page-builder/revslider/assets/gridtile.png]
[iqonicthemes.com/themes/sofbox/pre-built/page-builder/revslider/assets/gridtile_white.png]
[iqonicthemes.com/themes/sofbox/pre-built/page-builder/revslider/assets/gridtile_3x3.png]
[iqonicthemes.com/themes/sofbox/pre-built/page-builder/revslider/assets/gridtile_3x3_white.png]
[iqonicthemes.com/themes/sofbox/pre-built/page-builder/revslider/assets/coloredbg.png]
[iqonicthemes.com/themes/sofbox/pre-built/page-builder/revslider/assets/loader.gif]
[iqonicthemes.com/themes/sofbox/pre-built/page-builder/revslider/css/settings.css]
[iqonicthemes.com/themes/sofbox/pre-built/page-builder/css/all.min.css]
[iqonicthemes.com/themes/sofbox/pre-built/page-builder/css/owl.carousel.min.css]
[iqonicthemes.com/themes/sofbox/pre-built/page-builder/css/ionicons.min.css]
[iqonicthemes.com/themes/sofbox/pre-built/page-builder/css/wow.css]
[iqonicthemes.com/themes/sofbox/pre-built/page-builder/css/typography.css]
[iqonicthemes.com/themes/sofbox/pre-built/page-builder/css/magnific-popup.css]
[iqonicthemes.com/themes/sofbox/pre-built/page-builder/images/partners/bg.png]
[iqonicthemes.com/themes/sofbox/pre-built/page-builder/images/banner/02.png]
[iqonicthemes.com/themes/sofbox/pre-built/page-builder/images/banner/14.png]
[iqonicthemes.com/themes/sofbox/pre-built/page-builder/images/screenshots/bg.png]
[iqonicthemes.com/themes/sofbox/pre-built/page-builder/css/style.css]
[iqonicthemes.com/themes/sofbox/pre-built/page-builder/css/responsive.css]
[iqonicthemes.com/themes/sofbox/pre-built/page-builder/images/themes/01.jpg]
[iqonicthemes.com/themes/sofbox/pre-built/page-builder/images/themes/02.jpg]
[iqonicthemes.com/themes/sofbox/pre-built/page-builder/images/themes/03.jpg]
[iqonicthemes.com/themes/sofbox/pre-built/page-builder/images/themes/04.jpg]
[iqonicthemes.com/themes/sofbox/pre-built/page-builder/images/themes/05.jpg]
[iqonicthemes.com/themes/sofbox/pre-built/page-builder/images/themes/06.jpg]
[iqonicthemes.com/themes/sofbox/pre-built/page-builder/themes.html]
[iqonicthemes.com/themes/sofbox/pre-built/page-builder/feature.html]
[iqonicthemes.com/themes/sofbox/pre-built/page-builder/pricing.html]
[iqonicthemes.com/themes/sofbox/pre-built/page-builder/images/team/01.jpg]
[iqonicthemes.com/themes/sofbox/pre-built/page-builder/images/team/02.jpg]
[iqonicthemes.com/themes/sofbox/pre-built/page-builder/images/team/03.jpg]
[iqonicthemes.com/themes/sofbox/pre-built/page-builder/images/team/04.jpg]
[iqonicthemes.com/themes/sofbox/pre-built/page-builder/testimonial.html]
[iqonicthemes.com/themes/sofbox/pre-built/page-builder/contactus.html]
[iqonicthemes.com/themes/sofbox/pre-built/page-builder/login.html]
[iqonicthemes.com/themes/sofbox/pre-built/page-builder/revslider/fonts/revicons/revicons90c6.svg]
[iqonicthemes.com/themes/sofbox/pre-built/page-builder/revslider/css/openhand.html]
[iqonicthemes.com/themes/sofbox/pre-built/page-builder/revslider/css/closedhand.html]
[iqonicthemes.com/themes/sofbox/pre-built/page-builder/revslider/assets/gridtile.html]
[iqonicthemes.com/themes/sofbox/pre-built/page-builder/revslider/assets/gridtile_white.html]
[iqonicthemes.com/themes/sofbox/pre-built/page-builder/revslider/assets/gridtile_3x3.html]
[iqonicthemes.com/themes/sofbox/pre-built/page-builder/revslider/assets/gridtile_3x3_white.html]
[iqonicthemes.com/themes/sofbox/pre-built/page-builder/revslider/assets/coloredbg.html]
[iqonicthemes.com/themes/sofbox/pre-built/page-builder/revslider/assets/loader.html]
[iqonicthemes.com/themes/sofbox/pre-built/page-builder/register.html]
[iqonicthemes.com/themes/sofbox/pre-built/page-builder/fonts/fa-brands-400.eot]
[iqonicthemes.com/themes/sofbox/pre-built/page-builder/fonts/fa-brands-400d41d.eot]
[iqonicthemes.com/themes/sofbox/pre-built/page-builder/fonts/fa-brands-400.woff]
[iqonicthemes.com/themes/sofbox/pre-built/page-builder/fonts/fa-brands-400.ttf]
[iqonicthemes.com/themes/sofbox/pre-built/page-builder/fonts/fa-brands-400.svg]
[iqonicthemes.com/themes/sofbox/pre-built/page-builder/fonts/fa-regular-400.eot]
[iqonicthemes.com/themes/sofbox/pre-built/page-builder/fonts/fa-regular-400d41d.eot]
[iqonicthemes.com/themes/sofbox/pre-built/page-builder/fonts/fa-regular-400.woff]
[iqonicthemes.com/themes/sofbox/pre-built/page-builder/fonts/fa-regular-400.ttf]
[iqonicthemes.com/themes/sofbox/pre-built/page-builder/fonts/fa-regular-400.svg]
[iqonicthemes.com/themes/sofbox/pre-built/page-builder/fonts/fa-solid-900.eot]
[iqonicthemes.com/themes/sofbox/pre-built/page-builder/fonts/fa-solid-900d41d.eot]
[iqonicthemes.com/themes/sofbox/pre-built/page-builder/fonts/fa-solid-900.woff]
[iqonicthemes.com/themes/sofbox/pre-built/page-builder/fonts/fa-solid-900.ttf]
[iqonicthemes.com/themes/sofbox/pre-built/page-builder/css/all.min.css]
[iqonicthemes.com/themes/sofbox/pre-built/page-builder/fonts/fa-solid-900.svg]
[iqonicthemes.com/themes/sofbox/pre-built/page-builder/css/owl.video.play.png]
[iqonicthemes.com/themes/sofbox/pre-built/page-builder/css/owl.carousel.min.css]
[iqonicthemes.com/themes/sofbox/pre-built/page-builder/fonts/ionicons28b5.eot]
[iqonicthemes.com/themes/sofbox/pre-built/page-builder/fonts/ionicons28b5.ttf]
[iqonicthemes.com/themes/sofbox/pre-built/page-builder/fonts/ionicons28b5.woff]
[iqonicthemes.com/themes/sofbox/pre-built/page-builder/css/ionicons.min.css]
[iqonicthemes.com/themes/sofbox/pre-built/page-builder/css/wow.css]
[iqonicthemes.com/themes/sofbox/pre-built/page-builder/css/magnific-popup.css]
[iqonicthemes.com/themes/sofbox/pre-built/page-builder/images/banner/02.html]
[iqonicthemes.com/themes/sofbox/pre-built/page-builder/images/banner/14.html]
[iqonicthemes.com/themes/sofbox/pre-built/page-builder/register.html]
[iqonicthemes.com/themes/sofbox/pre-built/page-builder/fonts/fa-brands-400.html]
[iqonicthemes.com/themes/sofbox/pre-built/page-builder/fonts/fa-brands-400.svg]
[iqonicthemes.com/themes/sofbox/pre-built/page-builder/fonts/fa-regular-400.html]
[iqonicthemes.com/themes/sofbox/pre-built/page-builder/fonts/fa-regular-400.svg]
[iqonicthemes.com/themes/sofbox/pre-built/page-builder/fonts/fa-solid-900.html]
[iqonicthemes.com/themes/sofbox/pre-built/page-builder/fonts/fa-solid-900.svg]
[iqonicthemes.com/themes/sofbox/pre-built/page-builder/css/owl.video.play.html]
[iqonicthemes.com/themes/sofbox/pre-built/page-builder/fonts/ionicons28b5.svg]
[iqonicthemes.com/themes/sofbox/pre-built/page-builder/fonts/ionicons28b5.svg]
